2026-02-23 21:25:09,034 [INFO] Worker iniciado | worker_id=WIN-PC-01 | base=https://emmetech.digital
2026-02-23 21:25:49,616 [ERROR] Loop error: HTTP error GET https://emmetech.digital/api/edicao_claim.php: ('Connection aborted.', RemoteDisconnected('Remote end closed connection without response'))
2026-02-23 21:34:02,191 [INFO] Worker iniciado | worker_id=WIN-PC-01 | base=https://emmetech.digital
2026-02-23 21:38:13,253 [INFO] Tarefa 1 | vmos_id=conta_01 | bruto=conta_01_raw_1771893484_ce3253bc.mp4
2026-02-23 21:38:19,187 [INFO] Rodando fabrica: D:\automacao_videos\.venv\Scripts\python.exe D:\automacao_videos\fabrica_videos.py --input D:\automacao_videos\input\conta_01_raw_1771893484_ce3253bc.mp4 --output_dir D:\automacao_videos\output
2026-02-23 21:38:19,460 [ERROR] Erro na tarefa 1
Traceback (most recent call last):
  File "D:\automacao_videos\worker_edicao.py", line 347, in process_task
    local_out = run_fabrica(local_in)
  File "D:\automacao_videos\worker_edicao.py", line 266, in run_fabrica
    raise RuntimeError(
    ...<3 lines>...
    )
RuntimeError: fabrica falhou (2)
STDOUT:

STDERR:
usage: fabrica_videos.py [-h] --input INPUT [--output-dir OUTPUT_DIR]
                         [--music-dir MUSIC_DIR] [--logs-dir LOGS_DIR]
                         [--api-url API_URL] [--job-url JOB_URL]
                         [--ack-url ACK_URL] [--upload] [--vmos-id VMOS_ID]
                         [--legenda LEGENDA] [--on-success {move,delete,keep}]
                         [--processed-dir PROCESSED_DIR]
                         [--failed-dir FAILED_DIR]
                         [--clean-output-after-upload]
                         [--max-videos MAX_VIDEOS]
fabrica_videos.py: error: unrecognized arguments: --output_dir D:\automacao_videos\output

2026-02-23 21:43:21,999 [INFO] Worker iniciado | worker_id=WIN-PC-01 | base=https://emmetech.digital
2026-02-23 21:44:03,759 [INFO] Tarefa 2 | vmos_id=conta_01 | bruto=conta_01_raw_1771893829_73a3eca9.mp4
2026-02-23 21:44:09,146 [INFO] Rodando fabrica: D:\automacao_videos\.venv\Scripts\python.exe D:\automacao_videos\fabrica_videos.py --input D:\automacao_videos\input\conta_01_raw_1771893829_73a3eca9.mp4 --output-dir D:\automacao_videos\output
2026-02-23 21:46:12,933 [ERROR] Erro na tarefa 2
Traceback (most recent call last):
  File "D:\automacao_videos\worker_edicao.py", line 349, in process_task
    resp = upload_editado(session, local_out, vmos_id, legenda)
  File "D:\automacao_videos\worker_edicao.py", line 297, in upload_editado
    raise RuntimeError(f"upload HTTP {r.status_code}: {r.text[:800]}")
RuntimeError: upload HTTP 500: 
2026-02-23 21:51:33,634 [INFO] Worker iniciado | worker_id=WIN-PC-01 | base=https://emmetech.digital
2026-02-23 21:51:49,288 [INFO] Tarefa 3 | vmos_id=conta_01 | bruto=conta_01_raw_1771894305_c130ec3f.mp4
2026-02-23 21:51:55,190 [INFO] Rodando fabrica: D:\automacao_videos\.venv\Scripts\python.exe D:\automacao_videos\fabrica_videos.py --input D:\automacao_videos\input\conta_01_raw_1771894305_c130ec3f.mp4 --output-dir D:\automacao_videos\output
2026-02-23 21:52:34,825 [INFO] Upload final resp: {"sucesso": true, "mensagem": "Upload recebido e agendado com sucesso.", "arquivo": "conta_01_1771894354_c922340f.mp4", "campo_arquivo": "arquivo"}
2026-02-23 21:52:36,442 [ERROR] Erro na tarefa 3
Traceback (most recent call last):
  File "C:\Users\ps2\AppData\Local\Python\pythoncore-3.14-64\Lib\shutil.py", line 918, in move
    os.rename(src, real_dst)
    ~~~~~~~~~^^^^^^^^^^^^^^^
FileNotFoundError: [WinError 2] O sistema não pode encontrar o arquivo especificado: 'D:\\automacao_videos\\input\\conta_01_raw_1771894305_c130ec3f.mp4' -> 'D:\\automacao_videos\\processed\\conta_01_raw_1771894305_c130ec3f_1771894356.mp4'

During handling of the above exception, another exception occurred:

Traceback (most recent call last):
  File "D:\automacao_videos\worker_edicao.py", line 357, in process_task
    move_to(CFG.processed_dir, local_in)
    ~~~~~~~^^^^^^^^^^^^^^^^^^^^^^^^^^^^^
  File "D:\automacao_videos\worker_edicao.py", line 328, in move_to
    shutil.move(path, dest)
    ~~~~~~~~~~~^^^^^^^^^^^^
  File "C:\Users\ps2\AppData\Local\Python\pythoncore-3.14-64\Lib\shutil.py", line 938, in move
    copy_function(src, real_dst)
    ~~~~~~~~~~~~~^^^^^^^^^^^^^^^
  File "C:\Users\ps2\AppData\Local\Python\pythoncore-3.14-64\Lib\shutil.py", line 514, in copy2
    _winapi.CopyFile2(src_, dst_, flags)
    ~~~~~~~~~~~~~~~~~^^^^^^^^^^^^^^^^^^^
FileNotFoundError: [WinError 2] O sistema não pode encontrar o arquivo especificado
2026-02-23 21:53:35,008 [INFO] Worker iniciado | worker_id=WIN-PC-01 | base=https://emmetech.digital
2026-02-23 21:54:13,229 [INFO] Tarefa 4 | vmos_id=conta_01 | bruto=conta_01_raw_1771894448_41df2d6d.mp4
2026-02-23 21:54:20,073 [INFO] Rodando fabrica: D:\automacao_videos\.venv\Scripts\python.exe D:\automacao_videos\fabrica_videos.py --input D:\automacao_videos\input\conta_01_raw_1771894448_41df2d6d.mp4 --output-dir D:\automacao_videos\output
2026-02-23 21:54:59,478 [INFO] Upload final resp: {"sucesso": true, "mensagem": "Upload recebido e agendado com sucesso.", "arquivo": "conta_01_1771894499_e8d528d0.mp4", "campo_arquivo": "arquivo"}
2026-02-23 21:55:01,079 [ERROR] Erro na tarefa 4
Traceback (most recent call last):
  File "C:\Users\ps2\AppData\Local\Python\pythoncore-3.14-64\Lib\shutil.py", line 918, in move
    os.rename(src, real_dst)
    ~~~~~~~~~^^^^^^^^^^^^^^^
FileNotFoundError: [WinError 2] O sistema não pode encontrar o arquivo especificado: 'D:\\automacao_videos\\input\\conta_01_raw_1771894448_41df2d6d.mp4' -> 'D:\\automacao_videos\\processed\\conta_01_raw_1771894448_41df2d6d_1771894501.mp4'

During handling of the above exception, another exception occurred:

Traceback (most recent call last):
  File "D:\automacao_videos\worker_edicao.py", line 357, in process_task
    move_to(CFG.processed_dir, local_in)
    ~~~~~~~^^^^^^^^^^^^^^^^^^^^^^^^^^^^^
  File "D:\automacao_videos\worker_edicao.py", line 328, in move_to
    shutil.move(path, dest)
    ~~~~~~~~~~~^^^^^^^^^^^^
  File "C:\Users\ps2\AppData\Local\Python\pythoncore-3.14-64\Lib\shutil.py", line 938, in move
    copy_function(src, real_dst)
    ~~~~~~~~~~~~~^^^^^^^^^^^^^^^
  File "C:\Users\ps2\AppData\Local\Python\pythoncore-3.14-64\Lib\shutil.py", line 514, in copy2
    _winapi.CopyFile2(src_, dst_, flags)
    ~~~~~~~~~~~~~~~~~^^^^^^^^^^^^^^^^^^^
FileNotFoundError: [WinError 2] O sistema não pode encontrar o arquivo especificado
2026-02-23 22:38:54,863 [INFO] Worker iniciado | worker_id=WIN-PC-01 | base=https://emmetech.digital
2026-02-23 22:39:30,191 [INFO] Tarefa 5 | vmos_id=conta_01 | bruto=conta_01_raw_1771897166_802bc57b.mp4
2026-02-23 22:39:37,151 [INFO] Rodando fabrica: D:\automacao_videos\.venv\Scripts\python.exe D:\automacao_videos\fabrica_videos.py --input D:\automacao_videos\input\conta_01_raw_1771897166_802bc57b.mp4 --output-dir D:\automacao_videos\output --on-success keep
2026-02-23 22:39:41,431 [INFO] Upload final resp: {"sucesso": true, "mensagem": "Upload recebido e agendado com sucesso.", "arquivo": "conta_01_1771897181_6481d07a.mp4", "campo_arquivo": "arquivo"}
2026-02-23 22:39:43,102 [WARNING] Arquivo não existe para mover (ignorando): D:\automacao_videos\input\conta_01_raw_1771897166_802bc57b.mp4
2026-02-23 22:43:56,844 [INFO] Tarefa 6 | vmos_id=conta_01 | bruto=conta_01_raw_1771897434_e526af38.mp4
2026-02-23 22:44:04,095 [INFO] Rodando fabrica: D:\automacao_videos\.venv\Scripts\python.exe D:\automacao_videos\fabrica_videos.py --input D:\automacao_videos\input\conta_01_raw_1771897434_e526af38.mp4 --output-dir D:\automacao_videos\output --on-success keep
2026-02-23 22:44:04,909 [ERROR] Erro na tarefa 6
Traceback (most recent call last):
  File "D:\automacao_videos\worker_edicao.py", line 352, in process_task
    local_out = run_fabrica(local_in)
  File "D:\automacao_videos\worker_edicao.py", line 276, in run_fabrica
    raise RuntimeError("fabrica não gerou mp4 em output/")
RuntimeError: fabrica não gerou mp4 em output/
2026-02-23 22:44:05,731 [WARNING] Arquivo não existe para mover (ignorando): D:\automacao_videos\input\conta_01_raw_1771897434_e526af38.mp4
2026-02-23 22:46:03,915 [INFO] Tarefa 7 | vmos_id=conta_01 | bruto=conta_01_raw_1771897559_689dabbf.mp4
2026-02-23 22:46:10,300 [INFO] Rodando fabrica: D:\automacao_videos\.venv\Scripts\python.exe D:\automacao_videos\fabrica_videos.py --input D:\automacao_videos\input\conta_01_raw_1771897559_689dabbf.mp4 --output-dir D:\automacao_videos\output --on-success keep
2026-02-23 22:46:11,040 [ERROR] Erro na tarefa 7
Traceback (most recent call last):
  File "D:\automacao_videos\worker_edicao.py", line 352, in process_task
    local_out = run_fabrica(local_in)
  File "D:\automacao_videos\worker_edicao.py", line 276, in run_fabrica
    raise RuntimeError("fabrica não gerou mp4 em output/")
RuntimeError: fabrica não gerou mp4 em output/
2026-02-23 22:46:11,850 [WARNING] Arquivo não existe para mover (ignorando): D:\automacao_videos\input\conta_01_raw_1771897559_689dabbf.mp4
